2025-12-07 00:27:58.995666: I tensorflow/core/platform/cpu_feature_guard.cc:210] This TensorFlow binary is optimized to use available CPU instructions in performance-critical operations.
To enable the following instructions: AVX2 FMA, in other operations, rebuild TensorFlow with the appropriate compiler flags.
Device set to use cuda:0
Running: TrustAIRLabJailbreak with BERTModel Debug: False

Bacth prediction:   0%|          | 0/1010 [00:00<?, ?it/s]Token indices sequence length is longer than the specified maximum sequence length for this model (544 > 512). Running this sequence through the model will result in indexing errors
Bacth prediction:   0%|          | 0/1010 [00:00<?, ?it/s]
Traceback (most recent call last):
  File "/usr/lib/python3.10/runpy.py", line 196, in _run_module_as_main
    return _run_code(code, main_globals, None,
  File "/usr/lib/python3.10/runpy.py", line 86, in _run_code
    exec(code, run_globals)
  File "/home/leonardo/big-qa-architecture/src/jailbreak.py", line 128, in <module>
    y_pred.extend(model.predict(batch_X))
  File "/home/leonardo/big-qa-architecture/src/model.py", line 455, in predict
    result = self.pipe(text, **kwargs)
  File "/home/leonardo/big-qa-architecture/.venv/lib/python3.10/site-packages/transformers/pipelines/text_classification.py", line 168, in __call__
    result = super().__call__(*inputs, **kwargs)
  File "/home/leonardo/big-qa-architecture/.venv/lib/python3.10/site-packages/transformers/pipelines/base.py", line 1458, in __call__
    return self.run_single(inputs, preprocess_params, forward_params, postprocess_params)
  File "/home/leonardo/big-qa-architecture/.venv/lib/python3.10/site-packages/transformers/pipelines/base.py", line 1465, in run_single
    model_outputs = self.forward(model_inputs, **forward_params)
  File "/home/leonardo/big-qa-architecture/.venv/lib/python3.10/site-packages/transformers/pipelines/base.py", line 1365, in forward
    model_outputs = self._forward(model_inputs, **forward_params)
  File "/home/leonardo/big-qa-architecture/.venv/lib/python3.10/site-packages/transformers/pipelines/text_classification.py", line 199, in _forward
    return self.model(**model_inputs)
  File "/home/leonardo/big-qa-architecture/.venv/lib/python3.10/site-packages/torch/nn/modules/module.py", line 1775, in _wrapped_call_impl
    return self._call_impl(*args, **kwargs)
  File "/home/leonardo/big-qa-architecture/.venv/lib/python3.10/site-packages/torch/nn/modules/module.py", line 1786, in _call_impl
    return forward_call(*args, **kwargs)
  File "/home/leonardo/big-qa-architecture/.venv/lib/python3.10/site-packages/transformers/models/bert/modeling_bert.py", line 1488, in forward
    outputs = self.bert(
  File "/home/leonardo/big-qa-architecture/.venv/lib/python3.10/site-packages/torch/nn/modules/module.py", line 1775, in _wrapped_call_impl
    return self._call_impl(*args, **kwargs)
  File "/home/leonardo/big-qa-architecture/.venv/lib/python3.10/site-packages/torch/nn/modules/module.py", line 1786, in _call_impl
    return forward_call(*args, **kwargs)
  File "/home/leonardo/big-qa-architecture/.venv/lib/python3.10/site-packages/transformers/models/bert/modeling_bert.py", line 942, in forward
    embedding_output = self.embeddings(
  File "/home/leonardo/big-qa-architecture/.venv/lib/python3.10/site-packages/torch/nn/modules/module.py", line 1775, in _wrapped_call_impl
    return self._call_impl(*args, **kwargs)
  File "/home/leonardo/big-qa-architecture/.venv/lib/python3.10/site-packages/torch/nn/modules/module.py", line 1786, in _call_impl
    return forward_call(*args, **kwargs)
  File "/home/leonardo/big-qa-architecture/.venv/lib/python3.10/site-packages/transformers/models/bert/modeling_bert.py", line 186, in forward
    embeddings += position_embeddings
RuntimeError: The size of tensor a (544) must match the size of tensor b (512) at non-singleton dimension 1
Running: TrustAIRLabJailbreak with BERTModel Debug: False

              precision    recall  f1-score   support

        safe     0.9622    0.1651    0.2819     13735
      unsafe     0.1029    0.9367    0.1855      1405

    accuracy                         0.2367     15140
   macro avg     0.5326    0.5509    0.2337     15140
weighted avg     0.8825    0.2367    0.2729     15140

AUPRC: 0.10230635799133883
